Copyright 1986-2019 Xilinx, Inc. All Rights Reserved.
------------------------------------------------------------------------------------
| Tool Version : Vivado v.2019.2 (win64) Build 2708876 Wed Nov  6 21:40:23 MST 2019
| Date         : Wed Apr 15 13:41:33 2020
| Host         : DESKTOP-LHKOAFS running 64-bit major release  (build 9200)
| Command      : report_control_sets -verbose -file top_control_sets_placed.rpt
| Design       : top
| Device       : xc7a100t
------------------------------------------------------------------------------------

Control Set Information

Table of Contents
-----------------
1. Summary
2. Histogram
3. Flip-Flop Distribution
4. Detailed Control Set Information

1. Summary
----------

+----------------------------------------------------------+-------+
|                          Status                          | Count |
+----------------------------------------------------------+-------+
| Total control sets                                       |    47 |
|    Minimum number of control sets                        |    47 |
|    Addition due to synthesis replication                 |     0 |
|    Addition due to physical synthesis replication        |     0 |
| Unused register locations in slices containing registers |   119 |
+----------------------------------------------------------+-------+
* Control sets can be merged at opt_design using control_set_merge or merge_equivalent_drivers
** Run report_qor_suggestions for automated merging and remapping suggestions


2. Histogram
------------

+--------------------+-------+
|       Fanout       | Count |
+--------------------+-------+
| Total control sets |    47 |
| >= 0 to < 4        |     5 |
| >= 4 to < 6        |     5 |
| >= 6 to < 8        |     6 |
| >= 8 to < 10       |     6 |
| >= 10 to < 12      |     2 |
| >= 12 to < 14      |     0 |
| >= 14 to < 16      |     0 |
| >= 16              |    23 |
+--------------------+-------+
* Control sets can be remapped at either synth_design or opt_design


3. Flip-Flop Distribution
-------------------------

+--------------+-----------------------+------------------------+-----------------+--------------+
| Clock Enable | Synchronous Set/Reset | Asynchronous Set/Reset | Total Registers | Total Slices |
+--------------+-----------------------+------------------------+-----------------+--------------+
| No           | No                    | No                     |              57 |           22 |
| No           | No                    | Yes                    |               0 |            0 |
| No           | Yes                   | No                     |             160 |           50 |
| Yes          | No                    | No                     |             125 |           41 |
| Yes          | No                    | Yes                    |               0 |            0 |
| Yes          | Yes                   | No                     |             131 |           41 |
+--------------+-----------------------+------------------------+-----------------+--------------+


4. Detailed Control Set Information
-----------------------------------

+---------------------+------------------------------------------------------------------+-----------------------------------------------------+------------------+----------------+
|     Clock Signal    |                           Enable Signal                          |                   Set/Reset Signal                  | Slice Load Count | Bel Load Count |
+---------------------+------------------------------------------------------------------+-----------------------------------------------------+------------------+----------------+
|  clkdv/clk100       | buttonInputDevice/downDebouncer/count_reg[20]                    |                                                     |                1 |              1 |
|  clkdv/clk100       | display/myvgatimer/xy/x0                                         |                                                     |                1 |              1 |
|  clkdv/clk100       | buttonInputDevice/upDebouncer/count_reg[20]                      |                                                     |                1 |              1 |
|  clkdv/clk12        |                                                                  |                                                     |                2 |              2 |
|  clkdv/clkout0_BUFG |                                                                  |                                                     |                1 |              3 |
|  clkdv/clk12        | mips/dp/pcValue[31]_i_1_n_0                                      | reset_IBUF                                          |                3 |              4 |
|  clkdv/clk100       | accel/accel/ADXL_Control/FSM_sequential_StC_Adxl_Ctrl[3]_i_1_n_0 | accel/accel/RESET_INT_reg_n_0                       |                1 |              4 |
|  clkdv/clk100       | accel/accel/ADXL_Control/CE_Cnt_Num_Reads                        | accel/accel/ADXL_Control/Reset_Cnt_Num_Reads        |                1 |              4 |
|  clkdv/clk100       | accel/accel/ADXL_Control/Cmd_Reg[0]_6                            | accel/accel/ADXL_Control/Cmd_Reg[0][6]_i_1_n_0      |                1 |              4 |
|  clkdv/clk100       | accel/accel/ADXL_Control/Cmd_Reg[1][6]_i_2_n_0                   | accel/accel/ADXL_Control/Cmd_Reg[1]0_in[7]          |                2 |              5 |
|  clkdv/clk12        | mips/dp/regfile_instance/smem_reg_0_127_0_0_i_3_0                |                                                     |                1 |              6 |
|  clkdv/clk12        | mips/dp/regfile_instance/smem_reg_0_127_0_0_i_3_1                |                                                     |                1 |              6 |
|  clkdv/clk100       | accel/accel/ADXL_Control/Cmd_Reg[2]_7                            | accel/accel/ADXL_Control/Cmd_Reg[2]_5[7]            |                1 |              6 |
|  clkdv/clk100       |                                                                  | accel/accel/ADXL_Control/SPI_Interface/SCLK_2X_DIV0 |                2 |              6 |
|  clkdv/clk100       |                                                                  | accel/accel/RESET_INT_reg_n_0                       |                3 |              6 |
|  clkdv/clk100       | accel/accel/ADXL_Control/Shift_Cmd_Reg                           | accel/accel/RESET_INT_reg_n_0                       |                2 |              7 |
|  clkdv/clk100       | accel/accel/ADXL_Control/SPI_Interface/SHIFT_TICK_IN             |                                                     |                1 |              8 |
|  clkdv/clk100       | accel/accel/ADXL_Control/SPI_Interface/MOSI_REG[7]_i_1_n_0       |                                                     |                1 |              8 |
|  clkdv/clk100       | accel/accel/ADXL_Control/SPI_Interface/DONE_1_i_1_n_0            |                                                     |                1 |              8 |
|  clkdv/clk100       | display/myvgatimer/xy/x0                                         | display/myvgatimer/xy/y0                            |                4 |              9 |
|  clkdv/clk100       |                                                                  | accel/accel/Accel_Calculation/ACCEL_X_CLIP[8]       |                3 |              9 |
|  clkdv/clk100       |                                                                  | accel/accel/Accel_Calculation/ACCEL_Y_CLIP[1]       |                3 |              9 |
|  clkdv/clk100       | display/myvgatimer/xy/Every4thTick                               | display/myvgatimer/xy/x0                            |                4 |             10 |
|  clkdv/clk100       |                                                                  | accel/accel/ADXL_Control/Cnt_SS_Inactive0           |                4 |             10 |
|  clkdv/clk12        | mips/dp/regfile_instance/mem_reg_r1_0_31_6_11_i_15_0             |                                                     |                4 |             16 |
|  clkdv/clk12        | mips/dp/regfile_instance/mem_reg_r1_0_31_6_11_i_15_1             |                                                     |                4 |             16 |
|  clkdv/clk12        | mips/dp/regfile_instance/mem_reg_r1_0_31_6_11_i_15_3             |                                                     |                4 |             16 |
|  clkdv/clk12        | mips/dp/regfile_instance/mem_reg_r1_0_31_6_11_i_15_2             |                                                     |                4 |             16 |
|  clkdv/clk12        | mips/dp/regfile_instance/smem_reg_128_255_0_0_i_2_1              |                                                     |                4 |             16 |
|  clkdv/clk12        | mips/dp/regfile_instance/smem_reg_384_511_0_0_i_2_1              |                                                     |                4 |             16 |
|  clkdv/clk12        | mips/dp/regfile_instance/smem_reg_1024_1151_0_0_i_2_0            |                                                     |                4 |             16 |
|  clkdv/clk12        | mips/dp/regfile_instance/smem_reg_384_511_0_0_i_2_0              |                                                     |                4 |             16 |
|  clkdv/clk12        | mips/dp/regfile_instance/smem_reg_128_255_0_0_i_2_0              |                                                     |                4 |             16 |
|  clkdv/clk100       |                                                                  | accel/accel/ADXL_Control/Reset_Sample_Rate_Div      |                4 |             20 |
|  clkdv/clk100       |                                                                  | buttonInputDevice/downDebouncer/count[0]_i_1_n_0    |                6 |             21 |
|  clkdv/clk100       |                                                                  | buttonInputDevice/upDebouncer/count[0]_i_1__0_n_0   |                6 |             21 |
|  clkdv/clk100       | accel/accel/ADXL_Control/E[0]                                    | accel/accel/RESET_INT_reg_n_0                       |                7 |             22 |
|  clkdv/clk100       | accel/accel/ADXL_Control/StC_Adxl_Ctrl[3]                        | accel/accel/RESET_INT_reg_n_0                       |                7 |             24 |
|  clkdv/clk12        |                                                                  | reset_IBUF                                          |               11 |             26 |
|  clkdv/clk12        | mips/dp/regfile_instance/E[0]                                    |                                                     |               14 |             32 |
|  clkdv/clk12        | mips/dp/regfile_instance/pcValue_reg[2]_1[0]                     |                                                     |               15 |             32 |
|  clkdv/clk100       | accel/accel/ADXL_Control/CE_Cnt_Num_Reads                        | accel/accel/ADXL_Control/ACCEL_X_SUM0               |                8 |             32 |
|  clkdv/clk100       |                                                                  | sound/clear                                         |                8 |             32 |
|  clkdv/clk12        | mips/dp/regfile_instance/dmem_wr                                 |                                                     |                8 |             32 |
|  clkdv/clk100       | accel/accel/ADXL_Control/SPI_Interface/Shift_Data_Reg            |                                                     |                6 |             42 |
|  clkdv/clk100       |                                                                  |                                                     |               19 |             52 |
|  clkdv/clk12        | mips/dp/regfile_instance/c/controls[9]                           |                                                     |               12 |             96 |
+---------------------+------------------------------------------------------------------+-----------------------------------------------------+------------------+----------------+


